[0m14:07:20.176520 [debug] [MainThread]: Sending event: {'category': 'dbt', 'action': 'invocation', 'label': 'start', 'context': [<snowplow_tracker.self_describing_json.SelfDescribingJson object at 0x106162dd0>, <snowplow_tracker.self_describing_json.SelfDescribingJson object at 0x1061d24d0>, <snowplow_tracker.self_describing_json.SelfDescribingJson object at 0x1061d2b50>]}


============================== 14:07:20.179253 | cb4bbdba-5f36-4d40-91e1-81c6f779663f ==============================
[0m14:07:20.179253 [info ] [MainThread]: Running with dbt=1.9.2
[0m14:07:20.179578 [debug] [MainThread]: running dbt with arguments {'printer_width': '80', 'indirect_selection': 'eager', 'write_json': 'True', 'log_cache_events': 'False', 'partial_parse': 'True', 'cache_selected_only': 'False', 'warn_error': 'None', 'version_check': 'True', 'debug': 'False', 'log_path': '/Users/celestial/100xdev/jaffle_shop/logs', 'profiles_dir': '/Users/celestial/.dbt', 'fail_fast': 'False', 'use_colors': 'True', 'use_experimental_parser': 'False', 'no_print': 'None', 'quiet': 'False', 'empty': 'None', 'log_format': 'default', 'introspect': 'True', 'static_parser': 'True', 'warn_error_options': 'WarnErrorOptions(include=[], exclude=[])', 'target_path': 'None', 'invocation_command': 'dbt debug', 'send_anonymous_usage_stats': 'True'}
[0m14:07:20.189854 [info ] [MainThread]: dbt version: 1.9.2
[0m14:07:20.190032 [info ] [MainThread]: python version: 3.11.3
[0m14:07:20.190179 [info ] [MainThread]: python path: /Users/celestial/100xdev/dbtVenv/bin/python
[0m14:07:20.190303 [info ] [MainThread]: os info: macOS-15.0.1-arm64-arm-64bit
[0m14:07:20.232740 [info ] [MainThread]: Using profiles dir at /Users/celestial/.dbt
[0m14:07:20.233004 [info ] [MainThread]: Using profiles.yml file at /Users/celestial/.dbt/profiles.yml
[0m14:07:20.233133 [info ] [MainThread]: Using dbt_project.yml file at /Users/celestial/100xdev/jaffle_shop/dbt_project.yml
[0m14:07:20.233484 [info ] [MainThread]: adapter type: postgres
[0m14:07:20.233645 [info ] [MainThread]: adapter version: 1.9.0
[0m14:07:20.272446 [info ] [MainThread]: Configuration:
[0m14:07:20.272708 [info ] [MainThread]:   profiles.yml file [[32mOK found and valid[0m]
[0m14:07:20.272835 [info ] [MainThread]:   dbt_project.yml file [[32mOK found and valid[0m]
[0m14:07:20.272944 [info ] [MainThread]: Required dependencies:
[0m14:07:20.273102 [debug] [MainThread]: Executing "git --help"
[0m14:07:20.813306 [debug] [MainThread]: STDOUT: "b"usage: git [--version] [--help] [-C <path>] [-c <name>=<value>]\n           [--exec-path[=<path>]] [--html-path] [--man-path] [--info-path]\n           [-p | --paginate | -P | --no-pager] [--no-replace-objects] [--bare]\n           [--git-dir=<path>] [--work-tree=<path>] [--namespace=<name>]\n           [--super-prefix=<path>] [--config-env=<name>=<envvar>]\n           <command> [<args>]\n\nThese are common Git commands used in various situations:\n\nstart a working area (see also: git help tutorial)\n   clone             Clone a repository into a new directory\n   init              Create an empty Git repository or reinitialize an existing one\n\nwork on the current change (see also: git help everyday)\n   add               Add file contents to the index\n   mv                Move or rename a file, a directory, or a symlink\n   restore           Restore working tree files\n   rm                Remove files from the working tree and from the index\n   sparse-checkout   Initialize and modify the sparse-checkout\n\nexamine the history and state (see also: git help revisions)\n   bisect            Use binary search to find the commit that introduced a bug\n   diff              Show changes between commits, commit and working tree, etc\n   grep              Print lines matching a pattern\n   log               Show commit logs\n   show              Show various types of objects\n   status            Show the working tree status\n\ngrow, mark and tweak your common history\n   branch            List, create, or delete branches\n   commit            Record changes to the repository\n   merge             Join two or more development histories together\n   rebase            Reapply commits on top of another base tip\n   reset             Reset current HEAD to the specified state\n   switch            Switch branches\n   tag               Create, list, delete or verify a tag object signed with GPG\n\ncollaborate (see also: git help workflows)\n   fetch             Download objects and refs from another repository\n   pull              Fetch from and integrate with another repository or a local branch\n   push              Update remote refs along with associated objects\n\n'git help -a' and 'git help -g' list available subcommands and some\nconcept guides. See 'git help <command>' or 'git help <concept>'\nto read about a specific subcommand or concept.\nSee 'git help git' for an overview of the system.\n""
[0m14:07:20.813810 [debug] [MainThread]: STDERR: "b''"
[0m14:07:20.813977 [info ] [MainThread]:  - git [[32mOK found[0m]

[0m14:07:20.814128 [info ] [MainThread]: Connection:
[0m14:07:20.814312 [info ] [MainThread]:   host: localhost
[0m14:07:20.814425 [info ] [MainThread]:   port: 5432
[0m14:07:20.814525 [info ] [MainThread]:   user: celestial
[0m14:07:20.814623 [info ] [MainThread]:   database: postgres
[0m14:07:20.814723 [info ] [MainThread]:   schema: public
[0m14:07:20.814822 [info ] [MainThread]:   connect_timeout: 10
[0m14:07:20.814921 [info ] [MainThread]:   role: None
[0m14:07:20.815021 [info ] [MainThread]:   search_path: None
[0m14:07:20.815116 [info ] [MainThread]:   keepalives_idle: 0
[0m14:07:20.815209 [info ] [MainThread]:   sslmode: None
[0m14:07:20.815306 [info ] [MainThread]:   sslcert: None
[0m14:07:20.815400 [info ] [MainThread]:   sslkey: None
[0m14:07:20.815496 [info ] [MainThread]:   sslrootcert: None
[0m14:07:20.815592 [info ] [MainThread]:   application_name: dbt
[0m14:07:20.815687 [info ] [MainThread]:   retries: 1
[0m14:07:20.815966 [info ] [MainThread]: Registered adapter: postgres=1.9.0
[0m14:07:20.858877 [debug] [MainThread]: Acquiring new postgres connection 'debug'
[0m14:07:20.884306 [debug] [MainThread]: Using postgres connection "debug"
[0m14:07:20.884562 [debug] [MainThread]: On debug: select 1 as id
[0m14:07:20.884686 [debug] [MainThread]: Opening a new connection, currently in state init
[0m14:07:20.967716 [debug] [MainThread]: SQL status: SELECT 1 in 0.083 seconds
[0m14:07:20.968474 [debug] [MainThread]: On debug: Close
[0m14:07:20.968700 [info ] [MainThread]:   Connection test: [[32mOK connection ok[0m]

[0m14:07:20.968900 [info ] [MainThread]: [32mAll checks passed![0m
[0m14:07:20.970748 [debug] [MainThread]: Resource report: {"command_name": "debug", "command_success": true, "command_wall_clock_time": 0.83076036, "process_in_blocks": "0", "process_kernel_time": 0.181169, "process_mem_max_rss": "102465536", "process_out_blocks": "0", "process_user_time": 0.655535}
[0m14:07:20.971072 [debug] [MainThread]: Command `dbt debug` succeeded at 14:07:20.970996 after 0.83 seconds
[0m14:07:20.971285 [debug] [MainThread]: Connection 'debug' was properly closed.
[0m14:07:20.971511 [debug] [MainThread]: Sending event: {'category': 'dbt', 'action': 'invocation', 'label': 'end', 'context': [<snowplow_tracker.self_describing_json.SelfDescribingJson object at 0x10687f090>, <snowplow_tracker.self_describing_json.SelfDescribingJson object at 0x1070e0b10>, <snowplow_tracker.self_describing_json.SelfDescribingJson object at 0x105e9ef10>]}
[0m14:07:20.971762 [debug] [MainThread]: Flushing usage events
[0m14:07:21.217959 [debug] [MainThread]: An error was encountered while trying to flush usage events
